1 2 20 19 faces: 48 51 53 57 pID: 0 ctr: 3.10623 -1.21129 15.469 
0 3 23 22 faces: 48 50 52 56 pID: 0 ctr: 0.806911 -2.00652 14.8939 
3 0 18 16 faces: 49 51 55 59 pID: 0 ctr: 2.12536 0.698674 16.7496 
2 1 21 17 faces: 49 50 54 58 pID: 0 ctr: -0.173957 -0.0965585 16.1745 
-1 -1 20 19 faces: 11 12 15 39 pID: 0 ctr: 6.38642 -2.32601 14.7635 
-1 -1 21 17 faces: 18 19 22 44 pID: 0 ctr: -3.45415 1.01817 16.88 
-1 -1 19 16 faces: 35 36 38 46 pID: 0 ctr: 4.96313 2.64409 13.5814 
-1 -1 18 16 faces: 23 24 27 47 pID: 0 ctr: 3.44381 3.40387 18.6053 
-1 -1 23 20 faces: 0 1 6 13 pID: 0 ctr: 2.88942 -5.62403 17.0038 
-1 -1 22 17 faces: 30 31 33 43 pID: 0 ctr: -1.93483 0.258396 11.8561 
-1 -1 22 19 faces: 28 29 32 37 pID: 0 ctr: 2.98546 -1.41369 10.7979 
-1 -1 23 22 faces: 4 5 8 34 pID: 0 ctr: -0.51154 -4.71171 13.0382 
-1 -1 17 16 faces: 40 41 42 45 pID: 0 ctr: 0.0428505 4.31619 14.6397 
-1 -1 21 18 faces: 16 17 20 25 pID: 0 ctr: -0.053181 0.10585 20.8456 
-1 -1 23 21 faces: 2 3 7 21 pID: 0 ctr: -2.03086 -3.95194 18.0621 
-1 -1 20 18 faces: 9 10 14 26 pID: 0 ctr: 4.8671 -1.56624 19.7874 
12 6 7 2 faces: 45 46 47 59 pID: 0 ctr: 2.8166 3.45472 15.6088 
12 9 5 3 faces: 42 43 44 58 pID: 0 ctr: -1.78204 1.86425 14.4586 
13 15 7 2 faces: 25 26 27 55 pID: 0 ctr: 2.75258 0.647826 19.7461 
10 6 4 0 faces: 37 38 39 57 pID: 0 ctr: 4.77834 -0.365205 13.0476 
8 15 4 0 faces: 13 14 15 53 pID: 0 ctr: 4.71432 -3.17209 17.1849 
13 14 5 3 faces: 20 21 22 54 pID: 0 ctr: -1.84606 -0.94264 18.5959 
10 9 11 1 faces: 32 33 34 56 pID: 0 ctr: 0.179696 -1.95567 11.8974 
8 14 11 1 faces: 6 7 8 52 pID: 0 ctr: 0.115675 -4.76256 16.0347 
