0 8 1 -1 pID: 77 area: 25 norm: 0.64021 28.0689 -41.373 
1 10 0 -1 pID: 62 area: 25 norm: -19.6174 38.1992 25.6121 
0 2 8 -1 pID: 77 area: 25 norm: 0.64021 28.0689 -41.373 
12 2 0 -1 pID: 62 area: 25 norm: 45.9864 15.9047 11.5019 
0 10 4 -1 pID: 62 area: 25 norm: -19.6174 38.1992 25.6121 
4 12 0 -1 pID: 62 area: 25 norm: 45.9864 15.9047 11.5019 
0 10 8 -1 pID: 0 area: 21.6506 norm: 32.4818 -25.1817 13.6314 
8 12 0 -1 pID: 0 area: 21.6506 norm: -33.122 -2.88718 27.7416 
12 10 0 -1 pID: 0 area: 21.6506 norm: -12.8644 -13.0175 -39.2435 
1 8 3 -1 pID: 77 area: 25 norm: 0.64021 28.0689 -41.373 
3 13 1 -1 pID: 62 area: 25 norm: -45.9864 -15.9047 -11.5019 
5 10 1 -1 pID: 62 area: 25 norm: -19.6174 38.1992 25.6121 
1 13 5 -1 pID: 62 area: 25 norm: -45.9864 -15.9047 -11.5019 
8 10 1 -1 pID: 0 area: 21.6506 norm: -13.5046 -41.0864 2.12952 
1 13 8 -1 pID: 0 area: 21.6506 norm: 12.8644 13.0175 39.2435 
1 10 13 -1 pID: 0 area: 21.6506 norm: 33.122 2.88718 -27.7416 
2 3 8 -1 pID: 77 area: 25 norm: 0.64021 28.0689 -41.373 
11 3 2 -1 pID: 62 area: 25 norm: 19.6174 -38.1992 -25.6121 
11 2 6 -1 pID: 62 area: 25 norm: 19.6174 -38.1992 -25.6121 
6 2 12 -1 pID: 62 area: 25 norm: 45.9864 15.9047 11.5019 
8 11 2 -1 pID: 0 area: 21.6506 norm: 12.8644 13.0175 39.2435 
8 2 12 -1 pID: 0 area: 21.6506 norm: -13.5046 -41.0864 2.12952 
12 2 11 -1 pID: 0 area: 21.6506 norm: -32.4818 25.1817 -13.6314 
11 7 3 -1 pID: 62 area: 25 norm: 19.6174 -38.1992 -25.6121 
3 7 13 -1 pID: 62 area: 25 norm: -45.9864 -15.9047 -11.5019 
8 3 11 -1 pID: 0 area: 21.6506 norm: -33.122 -2.88718 27.7416 
8 13 3 -1 pID: 0 area: 21.6506 norm: 32.4818 -25.1817 13.6314 
11 3 13 -1 pID: 0 area: 21.6506 norm: 13.5046 41.0864 -2.12952 
9 4 5 -1 pID: 62 area: 25 norm: -0.64021 -28.0689 41.373 
4 10 5 -1 pID: 62 area: 25 norm: -19.6174 38.1992 25.6121 
4 9 6 -1 pID: 62 area: 25 norm: -0.64021 -28.0689 41.373 
12 4 6 -1 pID: 62 area: 25 norm: 45.9864 15.9047 11.5019 
9 10 4 -1 pID: 0 area: 21.6506 norm: 33.122 2.88718 -27.7416 
12 9 4 -1 pID: 0 area: 21.6506 norm: -32.4818 25.1817 -13.6314 
4 10 12 -1 pID: 0 area: 21.6506 norm: -13.5046 -41.0864 2.12952 
9 5 7 -1 pID: 62 area: 25 norm: -0.64021 -28.0689 41.373 
7 5 13 -1 pID: 62 area: 25 norm: -45.9864 -15.9047 -11.5019 
5 10 9 -1 pID: 0 area: 21.6506 norm: -12.8644 -13.0175 -39.2435 
13 5 9 -1 pID: 0 area: 21.6506 norm: 13.5046 41.0864 -2.12952 
13 10 5 -1 pID: 0 area: 21.6506 norm: 32.4818 -25.1817 13.6314 
9 7 6 -1 pID: 77 area: 25 norm: -0.64021 -28.0689 41.373 
6 7 11 -1 pID: 62 area: 25 norm: 19.6174 -38.1992 -25.6121 
6 11 9 -1 pID: 0 area: 21.6506 norm: 13.5046 41.0864 -2.12952 
6 9 12 -1 pID: 0 area: 21.6506 norm: -12.8644 -13.0175 -39.2435 
6 12 11 -1 pID: 0 area: 21.6506 norm: -33.122 -2.88718 27.7416 
11 7 9 -1 pID: 0 area: 21.6506 norm: -32.4818 25.1817 -13.6314 
13 9 7 -1 pID: 0 area: 21.6506 norm: 33.122 2.88718 -27.7416 
13 7 11 -1 pID: 0 area: 21.6506 norm: 12.8644 13.0175 39.2435 
8 10 9 -1 pID: 0 area: 25 norm: 45.9864 15.9047 11.5019 
8 9 11 -1 pID: 0 area: 25 norm: 45.9864 15.9047 11.5019 
8 12 9 -1 pID: 0 area: 25 norm: 19.6174 -38.1992 -25.6121 
13 8 9 -1 pID: 0 area: 25 norm: 19.6174 -38.1992 -25.6121 
8 10 12 -1 pID: 0 area: 21.6506 norm: 13.5046 41.0864 -2.12952 
13 10 8 -1 pID: 0 area: 21.6506 norm: -32.4818 25.1817 -13.6314 
12 11 8 -1 pID: 0 area: 21.6506 norm: 33.122 2.88718 -27.7416 
8 11 13 -1 pID: 0 area: 21.6506 norm: -12.8644 -13.0175 -39.2435 
12 10 9 -1 pID: 0 area: 21.6506 norm: 12.8644 13.0175 39.2435 
9 10 13 -1 pID: 0 area: 21.6506 norm: -33.122 -2.88718 27.7416 
12 9 11 -1 pID: 0 area: 21.6506 norm: 32.4818 -25.1817 13.6314 
11 9 13 -1 pID: 0 area: 21.6506 norm: -13.5046 -41.0864 2.12952 

BCfaces
face: 0
face: 1
face: 2
face: 3
face: 4
face: 5
face: 9
face: 10
face: 11
face: 12
face: 16
face: 17
face: 18
face: 19
face: 23
face: 24
face: 28
face: 29
face: 30
face: 31
face: 35
face: 36
face: 40
face: 41
