0 1 8 nbor: 8 -1
0 1 10 nbor: 8 -1
0 2 8 nbor: 14 -1
0 2 12 nbor: 14 -1
0 4 10 nbor: 11 -1
0 4 12 nbor: 11 -1
0 8 10 nbor: 8 23
0 8 12 nbor: 14 23
0 10 12 nbor: 11 23
1 3 8 nbor: 15 -1
1 3 13 nbor: 15 -1
1 5 10 nbor: 4 -1
1 5 13 nbor: 4 -1
1 8 10 nbor: 8 20
1 8 13 nbor: 15 20
1 10 13 nbor: 4 20
2 3 8 nbor: 13 -1
2 3 11 nbor: 13 -1
2 6 11 nbor: 5 -1
2 6 12 nbor: 5 -1
2 8 11 nbor: 13 21
2 8 12 nbor: 14 21
2 11 12 nbor: 5 21
3 7 11 nbor: 7 -1
3 7 13 nbor: 7 -1
3 8 11 nbor: 13 18
3 8 13 nbor: 15 18
3 11 13 nbor: 7 18
4 5 9 nbor: 10 -1
4 5 10 nbor: 10 -1
4 6 9 nbor: 9 -1
4 6 12 nbor: 9 -1
4 9 10 nbor: 10 22
4 9 12 nbor: 9 22
4 10 12 nbor: 11 22
5 7 9 nbor: 6 -1
5 7 13 nbor: 6 -1
5 9 10 nbor: 10 19
5 9 13 nbor: 6 19
5 10 13 nbor: 4 19
6 7 9 nbor: 12 -1
6 7 11 nbor: 12 -1
6 9 11 nbor: 12 17
6 9 12 nbor: 9 17
6 11 12 nbor: 5 17
7 9 11 nbor: 12 16
7 9 13 nbor: 6 16
7 11 13 nbor: 7 16
8 9 10 nbor: 0 1
8 9 11 nbor: 2 3
8 9 12 nbor: 1 3
8 9 13 nbor: 0 2
8 10 12 nbor: 1 23
8 10 13 nbor: 0 20
8 11 12 nbor: 3 21
8 11 13 nbor: 2 18
9 10 12 nbor: 1 22
9 10 13 nbor: 0 19
9 11 12 nbor: 3 17
9 11 13 nbor: 2 16
