-1.234786960897 -8.871197455709 16.247646799157 
7.962493133589 -5.690266769267 18.548020427858 
-5.158260438114 -1.231357427550 21.370068122877 
4.039019656372 1.949573258892 23.670441751577 
-1.106745025820 -3.257417596098 7.973042219440 
8.090535068666 -0.076486909656 10.273415848140 
-5.030218503038 4.382422432062 13.095463543159 
4.167061591448 7.563353118504 15.395837171860 
1.402116347738 -3.460812098409 19.959044275364 
1.530158282814 2.152967761202 11.684439695648 
3.427874053884 -4.473842182682 13.260531323650 
-0.495599423333 3.165997845477 18.382952647369 
-3.132502731966 -2.244387511823 14.671555171159 
6.064777362520 0.936543174619 16.971928799859 
